filled=52
  .github/workflows/go-publish.yml
  ig.ini
  input/fsh/parameters/manifest.fsh
  input/fsh/rulesets/README.md
  input/fsh/rulesets/crmi.fsh
  input/fsh/rulesets/meta-profile.fsh
  input/pagecontent/ImplementationGuide-mii-ig-{{MODULE_SLUG}}.md
  input/pagecontent/capability-statements.md
  input/pagecontent/changes.md
  input/pagecontent/code-systems.md
  input/pagecontent/downloads.md
  input/pagecontent/examples.md
  input/pagecontent/extensions.md
  input/pagecontent/guidance.md
  input/pagecontent/implementer-guidance.md
  input/pagecontent/index.md
  input/pagecontent/logical-models.md
  input/pagecontent/metadata.md
  input/pagecontent/operations.md
  input/pagecontent/profiles.md
  input/pagecontent/rendering-artifacts.md
  input/pagecontent/researcher-guidance.md
  input/pagecontent/search-parameters.md
  input/pagecontent/translationinfo.md
  input/pagecontent/uml-diagrams.md
  input/pagecontent/value-sets.md
  input/pagecontent/version-history.md
  input/resources/Parameters-expansion-manifest.json
  input/resources/README.md
  input/translations/README.md
  input/translations/en/pagecontent/ImplementationGuide-mii-ig-{{MODULE_SLUG}}.md
  input/translations/en/pagecontent/capability-statements.md
  input/translations/en/pagecontent/changes.md
  input/translations/en/pagecontent/code-systems.md
  input/translations/en/pagecontent/downloads.md
  input/translations/en/pagecontent/examples.md
  input/translations/en/pagecontent/extensions.md
  input/translations/en/pagecontent/guidance.md
  input/translations/en/pagecontent/implementer-guidance.md
  input/translations/en/pagecontent/index.md
  input/translations/en/pagecontent/logical-models.md
  input/translations/en/pagecontent/metadata.md
  input/translations/en/pagecontent/operations.md
  input/translations/en/pagecontent/profiles.md
  input/translations/en/pagecontent/rendering-artifacts.md
  input/translations/en/pagecontent/researcher-guidance.md
  input/translations/en/pagecontent/search-parameters.md
  input/translations/en/pagecontent/translationinfo.md
  input/translations/en/pagecontent/uml-diagrams.md
  input/translations/en/pagecontent/value-sets.md
  input/translations/en/pagecontent/version-history.md
  publication-request.json
